[Dotenv] Loaded 93 variables from .env
Standard Commons Logging discovery in action with spring-jcl: please remove commons-logging.jar from classpath in order to avoid potential conflicts
[Dotenv] Loaded 93 variables from .env
Standard Commons Logging discovery in action with spring-jcl: please remove commons-logging.jar from classpath in order to avoid potential conflicts

  .   ____          _            __ _ _
 /\\ / ___'_ __ _ _(_)_ __  __ _ \ \ \ \
( ( )\___ | '_ | '_| | '_ \/ _` | \ \ \ \
 \\/  ___)| |_)| | | | | || (_| |  ) ) ) )
  '  |____| .__|_| |_|_| |_\__, | / / / /
 =========|_|==============|___/=/_/_/_/

 :: Spring Boot ::                (v3.3.5)

2026-09-10T20:33:00.279+05:30  INFO 21728 --- [mitti2market-backend] [  restartedMain] c.mitti2market.Mitti2MarketApplication   : Starting Mitti2MarketApplication using Java 25.0.3 with PID 21728 (C:\Users\bhatt\M2M-Mitti-to-Market-\backend\target\classes started by bhatt in C:\Users\bhatt\M2M-Mitti-to-Market-\backend)
2026-09-10T20:33:00.281+05:30  INFO 21728 --- [mitti2market-backend] [  restartedMain] c.mitti2market.Mitti2MarketApplication   : The following 1 profile is active: "dev"
2026-09-10T20:33:00.312+05:30  INFO 21728 --- [mitti2market-backend] [  restartedMain] .e.DevToolsPropertyDefaultsPostProcessor : Devtools property defaults active! Set 'spring.devtools.add-properties' to 'false' to disable
2026-09-10T20:33:00.312+05:30  INFO 21728 --- [mitti2market-backend] [  restartedMain] .e.DevToolsPropertyDefaultsPostProcessor : For additional web related logging consider setting the 'logging.level.web' property to 'DEBUG'
2026-09-10T20:33:00.799+05:30  INFO 21728 --- [mitti2market-backend] [  restartedMain] .s.d.r.c.RepositoryConfigurationDelegate : Bootstrapping Spring Data JPA repositories in DEFAULT mode.
2026-09-10T20:33:00.916+05:30  INFO 21728 --- [mitti2market-backend] [  restartedMain] .s.d.r.c.RepositoryConfigurationDelegate : Finished Spring Data repository scanning in 113 ms. Found 22 JPA repository interfaces.
WARNING: A restricted method in java.lang.System has been called
WARNING: java.lang.System::load has been called by org.apache.tomcat.jni.Library in an unnamed module (file:/C:/Users/bhatt/.m2/repository/org/apache/tomcat/embed/tomcat-embed-core/10.1.31/tomcat-embed-core-10.1.31.jar)
WARNING: Use --enable-native-access=ALL-UNNAMED to avoid a warning for callers in this module
WARNING: Restricted methods will be blocked in a future release unless native access is enabled

2026-09-10T20:33:01.291+05:30  INFO 21728 --- [mitti2market-backend] [  restartedMain] o.s.b.w.embedded.tomcat.TomcatWebServer  : Tomcat initialized with port 8080 (http)
2026-09-10T20:33:01.300+05:30  INFO 21728 --- [mitti2market-backend] [  restartedMain] o.apache.catalina.core.StandardService   : Starting service [Tomcat]
2026-09-10T20:33:01.300+05:30  INFO 21728 --- [mitti2market-backend] [  restartedMain] o.apache.catalina.core.StandardEngine    : Starting Servlet engine: [Apache Tomcat/10.1.31]
2026-09-10T20:33:01.327+05:30  INFO 21728 --- [mitti2market-backend] [  restartedMain] o.a.c.c.C.[Tomcat].[localhost].[/]       : Initializing Spring embedded WebApplicationContext
2026-09-10T20:33:01.327+05:30  INFO 21728 --- [mitti2market-backend] [  restartedMain] w.s.c.ServletWebServerApplicationContext : Root WebApplicationContext: initialization completed in 1015 ms
Standard Commons Logging discovery in action with spring-jcl: please remove commons-logging.jar from classpath in order to avoid potential conflicts
2026-09-10T20:33:01.414+05:30  INFO 21728 --- [mitti2market-backend] [  restartedMain] o.hibernate.jpa.internal.util.LogHelper  : HHH000204: Processing PersistenceUnitInfo [name: default]
2026-09-10T20:33:01.439+05:30  INFO 21728 --- [mitti2market-backend] [  restartedMain] org.hibernate.Version                    : HHH000412: Hibernate ORM core version 6.5.3.Final
2026-09-10T20:33:01.455+05:30  INFO 21728 --- [mitti2market-backend] [  restartedMain] o.h.c.internal.RegionFactoryInitiator    : HHH000026: Second-level cache disabled
2026-09-10T20:33:01.612+05:30  INFO 21728 --- [mitti2market-backend] [  restartedMain] o.s.o.j.p.SpringPersistenceUnitInfo      : No LoadTimeWeaver setup: ignoring JPA class transformer
2026-09-10T20:33:01.627+05:30  INFO 21728 --- [mitti2market-backend] [  restartedMain] com.zaxxer.hikari.HikariDataSource       : HikariPool-1 - Starting...
2026-09-10T20:33:01.711+05:30  INFO 21728 --- [mitti2market-backend] [  restartedMain] com.zaxxer.hikari.pool.HikariPool        : HikariPool-1 - Added connection com.mysql.cj.jdbc.ConnectionImpl@2074bd3a
2026-09-10T20:33:01.712+05:30  INFO 21728 --- [mitti2market-backend] [  restartedMain] com.zaxxer.hikari.HikariDataSource       : HikariPool-1 - Start completed.
2026-09-10T20:33:01.742+05:30  WARN 21728 --- [mitti2market-backend] [  restartedMain] org.hibernate.orm.deprecation            : HHH90000025: MySQLDialect does not need to be specified explicitly using 'hibernate.dialect' (remove the property setting and it will be selected by default)
2026-09-10T20:33:02.455+05:30  INFO 21728 --- [mitti2market-backend] [  restartedMain] o.h.e.t.j.p.i.JtaPlatformInitiator       : HHH000489: No JTA platform available (set 'hibernate.transaction.jta.platform' to enable JTA platform integration)
Hibernate: alter table audit_logs modify column details TEXT
Hibernate: alter table audit_logs modify column reason TEXT
Hibernate: alter table business_profiles modify column business_address TEXT
Hibernate: alter table business_profiles modify column required_crops TEXT
Hibernate: alter table buyer_interests modify column message TEXT
Hibernate: alter table buyer_requirements modify column admin_removal_reason TEXT
Hibernate: alter table buyer_requirements modify column notes TEXT
Hibernate: alter table deal_offers modify column note TEXT
Hibernate: alter table deal_ratings modify column comment TEXT
Hibernate: alter table disputes modify column reason enum ('DAMAGED_GOODS','LATE_DELIVERY','MISSING_GOODS','OTHER','PAYMENT_ISSUE','QUALITY_ISSUE','QUANTITY_ISSUE') not null
Hibernate: alter table farmer_profiles modify column crops TEXT
Hibernate: alter table farmer_profiles modify column farm_address TEXT
Hibernate: alter table feedback modify column admin_note TEXT
Hibernate: alter table feedback modify column admin_response TEXT
Hibernate: alter table feedback modify column message TEXT not null
Hibernate: alter table messages modify column content TEXT not null
Hibernate: alter table notifications modify column body TEXT
Hibernate: alter table produce modify column admin_removal_reason TEXT
Hibernate: alter table reports modify column admin_note TEXT
Hibernate: alter table reports modify column description TEXT
Hibernate: alter table supporting_documents modify column rejection_reason TEXT
Hibernate: alter table users modify column status_reason TEXT
Hibernate: alter table users modify column verification_notes TEXT
2026-09-10T20:33:02.925+05:30  INFO 21728 --- [mitti2market-backend] [  restartedMain] j.LocalContainerEntityManagerFactoryBean : Initialized JPA EntityManagerFactory for persistence unit 'default'
2026-09-10T20:33:03.283+05:30  INFO 21728 --- [mitti2market-backend] [  restartedMain] o.s.d.j.r.query.QueryEnhancerFactory     : Hibernate is in classpath; If applicable, HQL parser will be used.
Hibernate: SELECT COALESCE(MAX(CAST(SUBSTRING_INDEX(deal_id, '-', -1) AS UNSIGNED)), 10000) FROM deals
Hibernate: select l1_0.id,l1_0.actual_delivery,l1_0.actual_pickup,l1_0.contact_person,l1_0.contact_phone,l1_0.created_at,l1_0.deal_id,l1_0.delivery_latitude,l1_0.delivery_location,l1_0.delivery_longitude,l1_0.expected_delivery,l1_0.packaging_requirements,l1_0.pickup_latitude,l1_0.pickup_location,l1_0.pickup_longitude,l1_0.route_caveat,l1_0.route_computed_at,l1_0.route_distance_km,l1_0.route_duration_minutes,l1_0.route_estimated_cost,l1_0.route_provider,l1_0.route_summary,l1_0.scheduled_pickup,l1_0.special_handling,l1_0.status,l1_0.tracking_id,l1_0.transporter_name,l1_0.type,l1_0.vehicle_number,l1_0.vehicle_type from logistics l1_0
Hibernate: select d1_0.id,d1_0.agreed_price,d1_0.amended_at,d1_0.amendment_count,d1_0.buyer_id,b1_0.id,b1_0.auth_provider,b1_0.buyer_type,b1_0.created_at,b1_0.email,b1_0.farmer_type,b1_0.firebase_uid,b1_0.latitude,b1_0.location,b1_0.longitude,b1_0.name,b1_0.organization_name,b1_0.password,b1_0.phone,b1_0.profile_photo_url,b1_0.rating,b1_0.role,b1_0.user_status,b1_0.status_reason,b1_0.status_updated_at,b1_0.status_updated_by,b1_0.updated_at,b1_0.verification_notes,b1_0.verification_status,b1_0.verified,b1_0.verified_at,b1_0.verified_by,br1_0.id,br1_0.admin_removal_reason,br1_0.buyer_id,br1_0.created_at,br1_0.crop,br1_0.delivery_location,br1_0.fulfilled_quantity,br1_0.max_price,br1_0.min_price,br1_0.notes,br1_0.quality,br1_0.quantity,br1_0.remaining_quantity,br1_0.removed_at,br1_0.removed_by,br1_0.required_by,br1_0.required_quantity,br1_0.reserved_quantity,br1_0.status,br1_0.transport_preference,br1_0.unit,br1_0.updated_at,d1_0.completed_at,d1_0.conditions,d1_0.conversation_id,d1_0.created_at,d1_0.crop_name,d1_0.deal_id,d1_0.delivery_latitude,d1_0.delivery_location,d1_0.delivery_longitude,d1_0.farmer_id,f1_0.id,f1_0.auth_provider,f1_0.buyer_type,f1_0.created_at,f1_0.email,f1_0.farmer_type,f1_0.firebase_uid,f1_0.latitude,f1_0.location,f1_0.longitude,f1_0.name,f1_0.organization_name,f1_0.password,f1_0.phone,f1_0.profile_photo_url,f1_0.rating,f1_0.role,f1_0.user_status,f1_0.status_reason,f1_0.status_updated_at,f1_0.status_updated_by,f1_0.updated_at,f1_0.verification_notes,f1_0.verification_status,f1_0.verified,f1_0.verified_at,f1_0.verified_by,d1_0.locked_at,d1_0.pickup_latitude,d1_0.pickup_location,d1_0.pickup_longitude,p1_0.id,p1_0.admin_removal_reason,p1_0.ai_suggested_max_price,p1_0.ai_suggested_min_price,p1_0.category,p1_0.created_at,p1_0.description,p1_0.farmer_id,f2_0.id,f2_0.auth_provider,f2_0.buyer_type,f2_0.created_at,f2_0.email,f2_0.farmer_type,f2_0.firebase_uid,f2_0.latitude,f2_0.location,f2_0.longitude,f2_0.name,f2_0.organization_name,f2_0.password,f2_0.phone,f2_0.profile_photo_url,f2_0.rating,f2_0.role,f2_0.user_status,f2_0.status_reason,f2_0.status_updated_at,f2_0.status_updated_by,f2_0.updated_at,f2_0.verification_notes,f2_0.verification_status,f2_0.verified,f2_0.verified_at,f2_0.verified_by,p1_0.idempotency_key,p1_0.image_url,p1_0.listed_quantity,p1_0.location,p1_0.name,p1_0.price_per_unit,p1_0.quantity,p1_0.removed_at,p1_0.removed_by,p1_0.reserved_quantity,p1_0.sold_quantity,p1_0.status,p1_0.unit,p1_0.updated_at,d1_0.quantity,d1_0.status,d1_0.total_amount,d1_0.unit from deals d1_0 join users b1_0 on b1_0.id=d1_0.buyer_id left join buyer_requirements br1_0 on br1_0.id=d1_0.buyer_requirement_id join users f1_0 on f1_0.id=d1_0.farmer_id left join produce p1_0 on p1_0.id=d1_0.produce_id left join users f2_0 on f2_0.id=p1_0.farmer_id where d1_0.id=?
Hibernate: select d1_0.id,d1_0.agreed_price,d1_0.amended_at,d1_0.amendment_count,d1_0.buyer_id,b1_0.id,b1_0.auth_provider,b1_0.buyer_type,b1_0.created_at,b1_0.email,b1_0.farmer_type,b1_0.firebase_uid,b1_0.latitude,b1_0.location,b1_0.longitude,b1_0.name,b1_0.organization_name,b1_0.password,b1_0.phone,b1_0.profile_photo_url,b1_0.rating,b1_0.role,b1_0.user_status,b1_0.status_reason,b1_0.status_updated_at,b1_0.status_updated_by,b1_0.updated_at,b1_0.verification_notes,b1_0.verification_status,b1_0.verified,b1_0.verified_at,b1_0.verified_by,br1_0.id,br1_0.admin_removal_reason,br1_0.buyer_id,br1_0.created_at,br1_0.crop,br1_0.delivery_location,br1_0.fulfilled_quantity,br1_0.max_price,br1_0.min_price,br1_0.notes,br1_0.quality,br1_0.quantity,br1_0.remaining_quantity,br1_0.removed_at,br1_0.removed_by,br1_0.required_by,br1_0.required_quantity,br1_0.reserved_quantity,br1_0.status,br1_0.transport_preference,br1_0.unit,br1_0.updated_at,d1_0.completed_at,d1_0.conditions,d1_0.conversation_id,d1_0.created_at,d1_0.crop_name,d1_0.deal_id,d1_0.delivery_latitude,d1_0.delivery_location,d1_0.delivery_longitude,d1_0.farmer_id,f1_0.id,f1_0.auth_provider,f1_0.buyer_type,f1_0.created_at,f1_0.email,f1_0.farmer_type,f1_0.firebase_uid,f1_0.latitude,f1_0.location,f1_0.longitude,f1_0.name,f1_0.organization_name,f1_0.password,f1_0.phone,f1_0.profile_photo_url,f1_0.rating,f1_0.role,f1_0.user_status,f1_0.status_reason,f1_0.status_updated_at,f1_0.status_updated_by,f1_0.updated_at,f1_0.verification_notes,f1_0.verification_status,f1_0.verified,f1_0.verified_at,f1_0.verified_by,d1_0.locked_at,d1_0.pickup_latitude,d1_0.pickup_location,d1_0.pickup_longitude,p1_0.id,p1_0.admin_removal_reason,p1_0.ai_suggested_max_price,p1_0.ai_suggested_min_price,p1_0.category,p1_0.created_at,p1_0.description,p1_0.farmer_id,f2_0.id,f2_0.auth_provider,f2_0.buyer_type,f2_0.created_at,f2_0.email,f2_0.farmer_type,f2_0.firebase_uid,f2_0.latitude,f2_0.location,f2_0.longitude,f2_0.name,f2_0.organization_name,f2_0.password,f2_0.phone,f2_0.profile_photo_url,f2_0.rating,f2_0.role,f2_0.user_status,f2_0.status_reason,f2_0.status_updated_at,f2_0.status_updated_by,f2_0.updated_at,f2_0.verification_notes,f2_0.verification_status,f2_0.verified,f2_0.verified_at,f2_0.verified_by,p1_0.idempotency_key,p1_0.image_url,p1_0.listed_quantity,p1_0.location,p1_0.name,p1_0.price_per_unit,p1_0.quantity,p1_0.removed_at,p1_0.removed_by,p1_0.reserved_quantity,p1_0.sold_quantity,p1_0.status,p1_0.unit,p1_0.updated_at,d1_0.quantity,d1_0.status,d1_0.total_amount,d1_0.unit from deals d1_0 join users b1_0 on b1_0.id=d1_0.buyer_id left join buyer_requirements br1_0 on br1_0.id=d1_0.buyer_requirement_id join users f1_0 on f1_0.id=d1_0.farmer_id left join produce p1_0 on p1_0.id=d1_0.produce_id left join users f2_0 on f2_0.id=p1_0.farmer_id where d1_0.id=?
Hibernate: select d1_0.id,d1_0.agreed_price,d1_0.amended_at,d1_0.amendment_count,d1_0.buyer_id,b1_0.id,b1_0.auth_provider,b1_0.buyer_type,b1_0.created_at,b1_0.email,b1_0.farmer_type,b1_0.firebase_uid,b1_0.latitude,b1_0.location,b1_0.longitude,b1_0.name,b1_0.organization_name,b1_0.password,b1_0.phone,b1_0.profile_photo_url,b1_0.rating,b1_0.role,b1_0.user_status,b1_0.status_reason,b1_0.status_updated_at,b1_0.status_updated_by,b1_0.updated_at,b1_0.verification_notes,b1_0.verification_status,b1_0.verified,b1_0.verified_at,b1_0.verified_by,br1_0.id,br1_0.admin_removal_reason,br1_0.buyer_id,br1_0.created_at,br1_0.crop,br1_0.delivery_location,br1_0.fulfilled_quantity,br1_0.max_price,br1_0.min_price,br1_0.notes,br1_0.quality,br1_0.quantity,br1_0.remaining_quantity,br1_0.removed_at,br1_0.removed_by,br1_0.required_by,br1_0.required_quantity,br1_0.reserved_quantity,br1_0.status,br1_0.transport_preference,br1_0.unit,br1_0.updated_at,d1_0.completed_at,d1_0.conditions,d1_0.conversation_id,d1_0.created_at,d1_0.crop_name,d1_0.deal_id,d1_0.delivery_latitude,d1_0.delivery_location,d1_0.delivery_longitude,d1_0.farmer_id,f1_0.id,f1_0.auth_provider,f1_0.buyer_type,f1_0.created_at,f1_0.email,f1_0.farmer_type,f1_0.firebase_uid,f1_0.latitude,f1_0.location,f1_0.longitude,f1_0.name,f1_0.organization_name,f1_0.password,f1_0.phone,f1_0.profile_photo_url,f1_0.rating,f1_0.role,f1_0.user_status,f1_0.status_reason,f1_0.status_updated_at,f1_0.status_updated_by,f1_0.updated_at,f1_0.verification_notes,f1_0.verification_status,f1_0.verified,f1_0.verified_at,f1_0.verified_by,d1_0.locked_at,d1_0.pickup_latitude,d1_0.pickup_location,d1_0.pickup_longitude,p1_0.id,p1_0.admin_removal_reason,p1_0.ai_suggested_max_price,p1_0.ai_suggested_min_price,p1_0.category,p1_0.created_at,p1_0.description,p1_0.farmer_id,f2_0.id,f2_0.auth_provider,f2_0.buyer_type,f2_0.created_at,f2_0.email,f2_0.farmer_type,f2_0.firebase_uid,f2_0.latitude,f2_0.location,f2_0.longitude,f2_0.name,f2_0.organization_name,f2_0.password,f2_0.phone,f2_0.profile_photo_url,f2_0.rating,f2_0.role,f2_0.user_status,f2_0.status_reason,f2_0.status_updated_at,f2_0.status_updated_by,f2_0.updated_at,f2_0.verification_notes,f2_0.verification_status,f2_0.verified,f2_0.verified_at,f2_0.verified_by,p1_0.idempotency_key,p1_0.image_url,p1_0.listed_quantity,p1_0.location,p1_0.name,p1_0.price_per_unit,p1_0.quantity,p1_0.removed_at,p1_0.removed_by,p1_0.reserved_quantity,p1_0.sold_quantity,p1_0.status,p1_0.unit,p1_0.updated_at,d1_0.quantity,d1_0.status,d1_0.total_amount,d1_0.unit from deals d1_0 join users b1_0 on b1_0.id=d1_0.buyer_id left join buyer_requirements br1_0 on br1_0.id=d1_0.buyer_requirement_id join users f1_0 on f1_0.id=d1_0.farmer_id left join produce p1_0 on p1_0.id=d1_0.produce_id left join users f2_0 on f2_0.id=p1_0.farmer_id where d1_0.id=?
Hibernate: select d1_0.id,d1_0.agreed_price,d1_0.amended_at,d1_0.amendment_count,d1_0.buyer_id,b1_0.id,b1_0.auth_provider,b1_0.buyer_type,b1_0.created_at,b1_0.email,b1_0.farmer_type,b1_0.firebase_uid,b1_0.latitude,b1_0.location,b1_0.longitude,b1_0.name,b1_0.organization_name,b1_0.password,b1_0.phone,b1_0.profile_photo_url,b1_0.rating,b1_0.role,b1_0.user_status,b1_0.status_reason,b1_0.status_updated_at,b1_0.status_updated_by,b1_0.updated_at,b1_0.verification_notes,b1_0.verification_status,b1_0.verified,b1_0.verified_at,b1_0.verified_by,br1_0.id,br1_0.admin_removal_reason,br1_0.buyer_id,br1_0.created_at,br1_0.crop,br1_0.delivery_location,br1_0.fulfilled_quantity,br1_0.max_price,br1_0.min_price,br1_0.notes,br1_0.quality,br1_0.quantity,br1_0.remaining_quantity,br1_0.removed_at,br1_0.removed_by,br1_0.required_by,br1_0.required_quantity,br1_0.reserved_quantity,br1_0.status,br1_0.transport_preference,br1_0.unit,br1_0.updated_at,d1_0.completed_at,d1_0.conditions,d1_0.conversation_id,d1_0.created_at,d1_0.crop_name,d1_0.deal_id,d1_0.delivery_latitude,d1_0.delivery_location,d1_0.delivery_longitude,d1_0.farmer_id,f1_0.id,f1_0.auth_provider,f1_0.buyer_type,f1_0.created_at,f1_0.email,f1_0.farmer_type,f1_0.firebase_uid,f1_0.latitude,f1_0.location,f1_0.longitude,f1_0.name,f1_0.organization_name,f1_0.password,f1_0.phone,f1_0.profile_photo_url,f1_0.rating,f1_0.role,f1_0.user_status,f1_0.status_reason,f1_0.status_updated_at,f1_0.status_updated_by,f1_0.updated_at,f1_0.verification_notes,f1_0.verification_status,f1_0.verified,f1_0.verified_at,f1_0.verified_by,d1_0.locked_at,d1_0.pickup_latitude,d1_0.pickup_location,d1_0.pickup_longitude,p1_0.id,p1_0.admin_removal_reason,p1_0.ai_suggested_max_price,p1_0.ai_suggested_min_price,p1_0.category,p1_0.created_at,p1_0.description,p1_0.farmer_id,f2_0.id,f2_0.auth_provider,f2_0.buyer_type,f2_0.created_at,f2_0.email,f2_0.farmer_type,f2_0.firebase_uid,f2_0.latitude,f2_0.location,f2_0.longitude,f2_0.name,f2_0.organization_name,f2_0.password,f2_0.phone,f2_0.profile_photo_url,f2_0.rating,f2_0.role,f2_0.user_status,f2_0.status_reason,f2_0.status_updated_at,f2_0.status_updated_by,f2_0.updated_at,f2_0.verification_notes,f2_0.verification_status,f2_0.verified,f2_0.verified_at,f2_0.verified_by,p1_0.idempotency_key,p1_0.image_url,p1_0.listed_quantity,p1_0.location,p1_0.name,p1_0.price_per_unit,p1_0.quantity,p1_0.removed_at,p1_0.removed_by,p1_0.reserved_quantity,p1_0.sold_quantity,p1_0.status,p1_0.unit,p1_0.updated_at,d1_0.quantity,d1_0.status,d1_0.total_amount,d1_0.unit from deals d1_0 join users b1_0 on b1_0.id=d1_0.buyer_id left join buyer_requirements br1_0 on br1_0.id=d1_0.buyer_requirement_id join users f1_0 on f1_0.id=d1_0.farmer_id left join produce p1_0 on p1_0.id=d1_0.produce_id left join users f2_0 on f2_0.id=p1_0.farmer_id where d1_0.id=?
Hibernate: select d1_0.id,d1_0.agreed_price,d1_0.amended_at,d1_0.amendment_count,d1_0.buyer_id,b1_0.id,b1_0.auth_provider,b1_0.buyer_type,b1_0.created_at,b1_0.email,b1_0.farmer_type,b1_0.firebase_uid,b1_0.latitude,b1_0.location,b1_0.longitude,b1_0.name,b1_0.organization_name,b1_0.password,b1_0.phone,b1_0.profile_photo_url,b1_0.rating,b1_0.role,b1_0.user_status,b1_0.status_reason,b1_0.status_updated_at,b1_0.status_updated_by,b1_0.updated_at,b1_0.verification_notes,b1_0.verification_status,b1_0.verified,b1_0.verified_at,b1_0.verified_by,br1_0.id,br1_0.admin_removal_reason,br1_0.buyer_id,br1_0.created_at,br1_0.crop,br1_0.delivery_location,br1_0.fulfilled_quantity,br1_0.max_price,br1_0.min_price,br1_0.notes,br1_0.quality,br1_0.quantity,br1_0.remaining_quantity,br1_0.removed_at,br1_0.removed_by,br1_0.required_by,br1_0.required_quantity,br1_0.reserved_quantity,br1_0.status,br1_0.transport_preference,br1_0.unit,br1_0.updated_at,d1_0.completed_at,d1_0.conditions,d1_0.conversation_id,d1_0.created_at,d1_0.crop_name,d1_0.deal_id,d1_0.delivery_latitude,d1_0.delivery_location,d1_0.delivery_longitude,d1_0.farmer_id,f1_0.id,f1_0.auth_provider,f1_0.buyer_type,f1_0.created_at,f1_0.email,f1_0.farmer_type,f1_0.firebase_uid,f1_0.latitude,f1_0.location,f1_0.longitude,f1_0.name,f1_0.organization_name,f1_0.password,f1_0.phone,f1_0.profile_photo_url,f1_0.rating,f1_0.role,f1_0.user_status,f1_0.status_reason,f1_0.status_updated_at,f1_0.status_updated_by,f1_0.updated_at,f1_0.verification_notes,f1_0.verification_status,f1_0.verified,f1_0.verified_at,f1_0.verified_by,d1_0.locked_at,d1_0.pickup_latitude,d1_0.pickup_location,d1_0.pickup_longitude,p1_0.id,p1_0.admin_removal_reason,p1_0.ai_suggested_max_price,p1_0.ai_suggested_min_price,p1_0.category,p1_0.created_at,p1_0.description,p1_0.farmer_id,f2_0.id,f2_0.auth_provider,f2_0.buyer_type,f2_0.created_at,f2_0.email,f2_0.farmer_type,f2_0.firebase_uid,f2_0.latitude,f2_0.location,f2_0.longitude,f2_0.name,f2_0.organization_name,f2_0.password,f2_0.phone,f2_0.profile_photo_url,f2_0.rating,f2_0.role,f2_0.user_status,f2_0.status_reason,f2_0.status_updated_at,f2_0.status_updated_by,f2_0.updated_at,f2_0.verification_notes,f2_0.verification_status,f2_0.verified,f2_0.verified_at,f2_0.verified_by,p1_0.idempotency_key,p1_0.image_url,p1_0.listed_quantity,p1_0.location,p1_0.name,p1_0.price_per_unit,p1_0.quantity,p1_0.removed_at,p1_0.removed_by,p1_0.reserved_quantity,p1_0.sold_quantity,p1_0.status,p1_0.unit,p1_0.updated_at,d1_0.quantity,d1_0.status,d1_0.total_amount,d1_0.unit from deals d1_0 join users b1_0 on b1_0.id=d1_0.buyer_id left join buyer_requirements br1_0 on br1_0.id=d1_0.buyer_requirement_id join users f1_0 on f1_0.id=d1_0.farmer_id left join produce p1_0 on p1_0.id=d1_0.produce_id left join users f2_0 on f2_0.id=p1_0.farmer_id where d1_0.id=?
Hibernate: select d1_0.id,d1_0.agreed_price,d1_0.amended_at,d1_0.amendment_count,d1_0.buyer_id,b1_0.id,b1_0.auth_provider,b1_0.buyer_type,b1_0.created_at,b1_0.email,b1_0.farmer_type,b1_0.firebase_uid,b1_0.latitude,b1_0.location,b1_0.longitude,b1_0.name,b1_0.organization_name,b1_0.password,b1_0.phone,b1_0.profile_photo_url,b1_0.rating,b1_0.role,b1_0.user_status,b1_0.status_reason,b1_0.status_updated_at,b1_0.status_updated_by,b1_0.updated_at,b1_0.verification_notes,b1_0.verification_status,b1_0.verified,b1_0.verified_at,b1_0.verified_by,br1_0.id,br1_0.admin_removal_reason,br1_0.buyer_id,br1_0.created_at,br1_0.crop,br1_0.delivery_location,br1_0.fulfilled_quantity,br1_0.max_price,br1_0.min_price,br1_0.notes,br1_0.quality,br1_0.quantity,br1_0.remaining_quantity,br1_0.removed_at,br1_0.removed_by,br1_0.required_by,br1_0.required_quantity,br1_0.reserved_quantity,br1_0.status,br1_0.transport_preference,br1_0.unit,br1_0.updated_at,d1_0.completed_at,d1_0.conditions,d1_0.conversation_id,d1_0.created_at,d1_0.crop_name,d1_0.deal_id,d1_0.delivery_latitude,d1_0.delivery_location,d1_0.delivery_longitude,d1_0.farmer_id,f1_0.id,f1_0.auth_provider,f1_0.buyer_type,f1_0.created_at,f1_0.email,f1_0.farmer_type,f1_0.firebase_uid,f1_0.latitude,f1_0.location,f1_0.longitude,f1_0.name,f1_0.organization_name,f1_0.password,f1_0.phone,f1_0.profile_photo_url,f1_0.rating,f1_0.role,f1_0.user_status,f1_0.status_reason,f1_0.status_updated_at,f1_0.status_updated_by,f1_0.updated_at,f1_0.verification_notes,f1_0.verification_status,f1_0.verified,f1_0.verified_at,f1_0.verified_by,d1_0.locked_at,d1_0.pickup_latitude,d1_0.pickup_location,d1_0.pickup_longitude,p1_0.id,p1_0.admin_removal_reason,p1_0.ai_suggested_max_price,p1_0.ai_suggested_min_price,p1_0.category,p1_0.created_at,p1_0.description,p1_0.farmer_id,f2_0.id,f2_0.auth_provider,f2_0.buyer_type,f2_0.created_at,f2_0.email,f2_0.farmer_type,f2_0.firebase_uid,f2_0.latitude,f2_0.location,f2_0.longitude,f2_0.name,f2_0.organization_name,f2_0.password,f2_0.phone,f2_0.profile_photo_url,f2_0.rating,f2_0.role,f2_0.user_status,f2_0.status_reason,f2_0.status_updated_at,f2_0.status_updated_by,f2_0.updated_at,f2_0.verification_notes,f2_0.verification_status,f2_0.verified,f2_0.verified_at,f2_0.verified_by,p1_0.idempotency_key,p1_0.image_url,p1_0.listed_quantity,p1_0.location,p1_0.name,p1_0.price_per_unit,p1_0.quantity,p1_0.removed_at,p1_0.removed_by,p1_0.reserved_quantity,p1_0.sold_quantity,p1_0.status,p1_0.unit,p1_0.updated_at,d1_0.quantity,d1_0.status,d1_0.total_amount,d1_0.unit from deals d1_0 join users b1_0 on b1_0.id=d1_0.buyer_id left join buyer_requirements br1_0 on br1_0.id=d1_0.buyer_requirement_id join users f1_0 on f1_0.id=d1_0.farmer_id left join produce p1_0 on p1_0.id=d1_0.produce_id left join users f2_0 on f2_0.id=p1_0.farmer_id where d1_0.id=?
2026-09-10T20:33:04.002+05:30  WARN 21728 --- [mitti2market-backend] [  restartedMain] c.m.service.DatasetPriceService          : Crop price model not found (run ml/train_price_model.py) — estimates fall back to live mandi API
2026-09-10T20:33:04.083+05:30  WARN 21728 --- [mitti2market-backend] [  restartedMain] JpaBaseConfiguration$JpaWebConfiguration : spring.jpa.open-in-view is enabled by default. Therefore, database queries may be performed during view rendering. Explicitly configure spring.jpa.open-in-view to disable this warning
2026-09-10T20:33:04.097+05:30  WARN 21728 --- [mitti2market-backend] [  restartedMain] .s.s.UserDetailsServiceAutoConfiguration : 

Using generated security password: a4f7f421-814a-41ca-bc16-1aa4f106c868

This generated password is for development use only. Your security configuration must be updated before running your application in production.

2026-09-10T20:33:04.101+05:30  INFO 21728 --- [mitti2market-backend] [  restartedMain] r$InitializeUserDetailsManagerConfigurer : Global AuthenticationManager configured with UserDetailsService bean with name inMemoryUserDetailsManager
2026-09-10T20:33:04.447+05:30  WARN 21728 --- [mitti2market-backend] [  restartedMain] o.s.b.d.a.OptionalLiveReloadServer       : Unable to start LiveReload server
WARNING: A terminally deprecated method in sun.misc.Unsafe has been called
WARNING: sun.misc.Unsafe::allocateMemory has been called by io.netty.util.internal.PlatformDependent0$2 (file:/C:/Users/bhatt/.m2/repository/io/netty/netty-common/4.1.114.Final/netty-common-4.1.114.Final.jar)
WARNING: Please consider reporting this to the maintainers of class io.netty.util.internal.PlatformDependent0$2
WARNING: sun.misc.Unsafe::allocateMemory will be removed in a future release
2026-09-10T20:33:04.589+05:30  WARN 21728 --- [mitti2market-backend] [  restartedMain] ConfigServletWebServerApplicationContext : Exception encountered during context initialization - cancelling refresh attempt: org.springframework.context.ApplicationContextException: Failed to start bean 'webServerStartStop'
2026-09-10T20:33:04.592+05:30  INFO 21728 --- [mitti2market-backend] [  restartedMain] j.LocalContainerEntityManagerFactoryBean : Closing JPA EntityManagerFactory for persistence unit 'default'
2026-09-10T20:33:04.594+05:30  INFO 21728 --- [mitti2market-backend] [  restartedMain] com.zaxxer.hikari.HikariDataSource       : HikariPool-1 - Shutdown initiated...
2026-09-10T20:33:04.598+05:30  INFO 21728 --- [mitti2market-backend] [  restartedMain] com.zaxxer.hikari.HikariDataSource       : HikariPool-1 - Shutdown completed.
2026-09-10T20:33:04.604+05:30  INFO 21728 --- [mitti2market-backend] [  restartedMain] .s.b.a.l.ConditionEvaluationReportLogger : 

Error starting ApplicationContext. To display the condition evaluation report re-run your application with 'debug' enabled.
2026-09-10T20:33:04.618+05:30 ERROR 21728 --- [mitti2market-backend] [  restartedMain] o.s.b.d.LoggingFailureAnalysisReporter   : 

***************************
APPLICATION FAILED TO START
***************************

Description:

Web server failed to start. Port 8080 was already in use.

Action:

Identify and stop the process that's listening on port 8080 or configure this application to listen on another port.

[ERROR] Failed to execute goal org.springframework.boot:spring-boot-maven-plugin:3.3.5:run (default-cli) on project mitti2market-backend: Process terminated with exit code: 1 -> [Help 1]
[ERROR] 
[ERROR] To see the full stack trace of the errors, re-run Maven with the -e switch.
[ERROR] Re-run Maven using the -X switch to enable full debug logging.
[ERROR] 
[ERROR] For more information about the errors and possible solutions, please read the following articles:
[ERROR] [Help 1] http://cwiki.apache.org/confluence/display/MAVEN/MojoExecutionException
